// Jest Snapshot v1, https://goo.gl/fbAQLP

exports[`Should correct sort the list 1`] = `
Array [
  "a",
  "b",
  "c",
  "ðŸ‘»",
]
`;
